// Jest Snapshot v1, https://goo.gl/fbAQLP

exports[`<CartCounter /> should display an empty div when nothing in cart 1`] = `<div />`;
