// Jest Snapshot v1, https://goo.gl/fbAQLP

exports[`<CreateProduct /> should render empty form 1`] = `
<div>
  <form
    class="FormStyles__Form-sc-1qtbzh2-0 cmkxQl"
    data-testid="form"
  >
    <fieldset>
      <label
        for="file"
      >
        Image
        <input
          data-testid="image-element"
          id="file"
          name="image"
          placeholder="Upload an image"
          type="file"
        />
      </label>
      <label
        for="title"
      >
        Title
        <input
          id="title"
          name="title"
          placeholder="Title"
          required=""
          type="text"
          value=""
        />
      </label>
      <label
        for="description"
      >
        Description
        <textarea
          id="description"
          name="description"
          placeholder="Description"
          required=""
        />
      </label>
      <label
        for="price"
      >
        Price
        <input
          id="price"
          name="price"
          placeholder="Price"
          required=""
          type="number"
          value=""
        />
      </label>
      <button
        type="submit"
      >
        Submit
      </button>
    </fieldset>
    <img
      alt="fieldrows"
      height="500"
      layout="responsive"
      src="/assets/photo-1560493676-04071c5f467b.jpeg"
      width="500"
    />
  </form>
</div>
`;
