// Jest Snapshot v1, https://goo.gl/fbAQLP

exports[`<Nav /> renders nav links if user is not logged in 1`] = `
<div>
  <ul
    class="NavStyles-sc-1429cmc-0 fLfJtV"
  />
</div>
`;
