// Jest Snapshot v1, https://goo.gl/fbAQLP

exports[`<Signup /> should show an empty signup form when page renders 1`] = `
<div>
  <form
    class="FormStyles__Form-sc-1qtbzh2-0 cmkxQl"
    data-testid="signup-form"
    method="post"
  >
    <fieldset>
      <h2>
        Sign Up for An Account
      </h2>
      <label
        for="firstName"
      >
        First Name
        <input
          name="firstName"
          placeholder="First Name"
          required=""
          type="text"
          value=""
        />
      </label>
      <label
        for="lastName"
      >
        Last Name
        <input
          name="lastName"
          placeholder="Last Name"
          required=""
          type="text"
          value=""
        />
      </label>
      <label
        for="username"
      >
        Username
        <input
          autocomplete="username"
          name="username"
          placeholder="Username"
          required=""
          type="text"
          value=""
        />
      </label>
      <label
        for="password"
      >
        Password
        <input
          name="password"
          placeholder="Password"
          required=""
          type="password"
          value=""
        />
      </label>
      <label
        for="role"
      >
        Select Your Profession
        <select
          type="select"
        >
          <option
            default=""
          />
          <option
            value="farmer"
          >
            Farmer
          </option>
          <option
            value="restaurant"
          >
            Restaurant
          </option>
        </select>
      </label>
      <button
        type="submit"
      >
        Sign Up!
      </button>
    </fieldset>
    <img
      alt="berries"
      height="650"
      src="/assets/photo-1444459094717-a39f1e3e0903.jpeg"
      width="500"
    />
  </form>
</div>
`;
